Component: ARM Compiler 5.06 update 6 (build 750) Tool: armlink [4d35ed]

==============================================================================

Section Cross References

    main.o(.text) refers to strlen.o(.text) for strlen
    main.o(.text) refers to lcd.o(.text) for lcd_draw_image
    main.o(.text) refers to atoi.o(.text) for atoi
    main.o(.text) refers to eeprom.o(.text) for eeprom_byte_read
    main.o(.text) refers to printf1.o(i.__0sprintf$1) for __2sprintf
    main.o(.text) refers to main.o(.data) for lfsr
    main.o(.text) refers to main.o(.constdata) for MOV_DIR
    main.o(.text) refers to fonts.o(.constdata) for microsoftSansSerif_16ptBitmaps
    main.o(.text) refers to project_images.o(.constdata) for footballBitmaps
    main.o(.text) refers to io_expander.o(.text) for write_leds
    main.o(.text) refers to launchpad_io.o(.text) for lp_io_set_pin
    main.o(.text) refers to project_hardware_init.o(.text) for init_hardware
    main.o(.text) refers to printf1.o(i.__0printf$1) for __2printf
    main.o(.text) refers to ft6x06.o(.text) for ft6x06_read_td_status
    main.o(.text) refers to debounce.o(.text) for debounce_fsm_lcd
    project_hardware_init.o(.text) refers to main.o(.text) for DisableInterrupts
    project_hardware_init.o(.text) refers to lcd.o(.text) for lcd_config_gpio
    project_hardware_init.o(.text) refers to ft6x06.o(.text) for ft6x06_init
    project_hardware_init.o(.text) refers to serial_debug.o(.text) for init_serial_debug
    project_hardware_init.o(.text) refers to timers.o(.text) for gp_timer_config_32
    project_hardware_init.o(.text) refers to eeprom.o(.text) for eeprom_init
    project_hardware_init.o(.text) refers to io_expander.o(.text) for io_expander_init
    project_hardware_init.o(.text) refers to launchpad_io.o(.text) for lp_io_init
    project_hardware_init.o(.text) refers to ps2.o(.text) for ps2_initialize
    project_interrupts.o(.text) refers to serial_debug.o(.text) for fgetc_nb
    project_interrupts.o(.text) refers to main.o(.data) for PS2_X_DATA
    project_interrupts.o(.text) refers to project_interrupts.o(.data) for count_d1
    debounce.o(.text) refers to main.o(.data) for ALERT_PUSH
    debounce.o(.text) refers to debounce.o(.data) for state
    pc_buffer.o(.text) refers to malloc.o(i.malloc) for malloc
    accel.o(.text) refers to spi_select.o(.text) for spi_select_init
    accel.o(.text) refers to gpio_port.o(.text) for gpio_enable_port
    accel.o(.text) refers to spi.o(.text) for initialize_spi
    eeprom.o(.text) refers to i2c.o(.text) for i2cVerifyBaseAddr
    eeprom.o(.text) refers to gpio_port.o(.text) for gpio_enable_port
    ft6x06.o(.text) refers to i2c.o(.text) for I2CMasterBusy
    ft6x06.o(.text) refers to gpio_port.o(.text) for gpio_enable_port
    lcd.o(.text) refers to lcd.o(i.lcd_write_data_u16) for lcd_write_data_u16
    lcd.o(.text) refers to gpio_port.o(.text) for gpio_enable_port
    serial_debug.o(.text) refers to gpio_port.o(.text) for gpio_enable_port
    serial_debug.o(.text) refers to pc_buffer.o(.text) for pc_buffer_init
    serial_debug.o(.text) refers to uart.o(.text) for uart_init
    serial_debug.o(.text) refers to main.o(.text) for DisableInterrupts
    serial_debug.o(.text) refers to serial_debug.o(.data) for Rx_Interrupts_Enabled
    serial_debug.o(.text) refers to serial_debug.o(.bss) for UART0_Tx_Buffer
    serial_debug.o(.text) refers to stdout.o(.data) for __stdout
    spi_select.o(.text) refers to gpio_port.o(.text) for gpio_enable_port
    ps2.o(.text) refers to gpio_port.o(.text) for gpio_enable_port
    ps2.o(.text) refers to adc.o(.text) for get_adc_value
    ws2812b_ice.o(.text) refers to ws2812b_ice.o(.data) for direction
    io_expander.o(.text) refers to i2c.o(.text) for I2CMasterBusy
    io_expander.o(.text) refers to gpio_port.o(.text) for gpio_enable_port
    startup_tm4c123.o(RESET) refers to startup_tm4c123.o(STACK) for __initial_sp
    startup_tm4c123.o(RESET) refers to startup_tm4c123.o(.text) for Reset_Handler
    startup_tm4c123.o(RESET) refers to serial_debug.o(.text) for UART0_Handler
    startup_tm4c123.o(RESET) refers to project_interrupts.o(.text) for ADC0SS2_Handler
    startup_tm4c123.o(.text) refers to system_tm4c123.o(.text) for SystemInit
    startup_tm4c123.o(.text) refers to entry.o(.ARM.Collect$$$$00000000) for __main
    system_tm4c123.o(.text) refers to system_tm4c123.o(.data) for SystemCoreClock
    entry.o(.ARM.Collect$$$$00000000) refers (Special) to entry10a.o(.ARM.Collect$$$$0000000D) for __rt_final_cpp
    entry.o(.ARM.Collect$$$$00000000) refers (Special) to entry11a.o(.ARM.Collect$$$$0000000F) for __rt_final_exit
    entry.o(.ARM.Collect$$$$00000000) refers (Special) to entry7b.o(.ARM.Collect$$$$00000008) for _main_clock
    entry.o(.ARM.Collect$$$$00000000) refers (Special) to entry8b.o(.ARM.Collect$$$$0000000A) for _main_cpp_init
[...]
    printf2.o(i.__0vsprintf$2) refers to printf2.o(i._sputc) for _sputc
    printf3.o(i.__0fprintf$3) refers to printf3.o(i._printf_core) for _printf_core
    printf3.o(i.__0fprintf$3) refers to serial_debug.o(.text) for fputc
    printf3.o(i.__0printf$3) refers to printf3.o(i._printf_core) for _printf_core
    printf3.o(i.__0printf$3) refers to serial_debug.o(.text) for fputc
    printf3.o(i.__0printf$3) refers to stdout.o(.data) for __stdout
    printf3.o(i.__0snprintf$3) refers to printf3.o(i._printf_core) for _printf_core
    printf3.o(i.__0snprintf$3) refers to printf3.o(i._snputc) for _snputc
    printf3.o(i.__0sprintf$3) refers to printf3.o(i._printf_core) for _printf_core
    printf3.o(i.__0sprintf$3) refers to printf3.o(i._sputc) for _sputc
    printf3.o(i.__0vfprintf$3) refers to printf3.o(i._printf_core) for _printf_core
    printf3.o(i.__0vfprintf$3) refers to serial_debug.o(.text) for fputc
    printf3.o(i.__0vprintf$3) refers to printf3.o(i._printf_core) for _printf_core
    printf3.o(i.__0vprintf$3) refers to serial_debug.o(.text) for fputc
    printf3.o(i.__0vprintf$3) refers to stdout.o(.data) for __stdout
    printf3.o(i.__0vsnprintf$3) refers to printf3.o(i._printf_core) for _printf_core
    printf3.o(i.__0vsnprintf$3) refers to printf3.o(i._snputc) for _snputc
    printf3.o(i.__0vsprintf$3) refers to printf3.o(i._printf_core) for _printf_core
    printf3.o(i.__0vsprintf$3) refers to printf3.o(i._sputc) for _sputc
    printf3.o(i._printf_core) refers to uidiv.o(.text) for __aeabi_uidivmod
    printf4.o(i.__0fprintf$4) refers to printf4.o(i._printf_core) for _printf_core
    printf4.o(i.__0fprintf$4) refers to serial_debug.o(.text) for fputc
    printf4.o(i.__0printf$4) refers to printf4.o(i._printf_core) for _printf_core
    printf4.o(i.__0printf$4) refers to serial_debug.o(.text) for fputc
    printf4.o(i.__0printf$4) refers to stdout.o(.data) for __stdout
    printf4.o(i.__0snprintf$4) refers to printf4.o(i._printf_core) for _printf_core
    printf4.o(i.__0snprintf$4) refers to printf4.o(i._snputc) for _snputc
    printf4.o(i.__0sprintf$4) refers to printf4.o(i._printf_core) for _printf_core
    printf4.o(i.__0sprintf$4) refers to printf4.o(i._sputc) for _sputc
    printf4.o(i.__0vfprintf$4) refers to printf4.o(i._printf_core) for _printf_core
    printf4.o(i.__0vfprintf$4) refers to serial_debug.o(.text) for fputc
    printf4.o(i.__0vprintf$4) refers to printf4.o(i._printf_core) for _printf_core
    printf4.o(i.__0vprintf$4) refers to serial_debug.o(.text) for fputc
    printf4.o(i.__0vprintf$4) refers to stdout.o(.data) for __stdout
    printf4.o(i.__0vsnprintf$4) refers to printf4.o(i._printf_core) for _printf_core
    printf4.o(i.__0vsnprintf$4) refers to printf4.o(i._snputc) for _snputc
    printf4.o(i.__0vsprintf$4) refers to printf4.o(i._printf_core) for _printf_core
    printf4.o(i.__0vsprintf$4) refers to printf4.o(i._sputc) for _sputc
    printf4.o(i._printf_core) refers to uldiv.o(.text) for __aeabi_uldivmod
    printf5.o(i.__0fprintf$5) refers to printf5.o(i._printf_core) for _printf_core
    printf5.o(i.__0fprintf$5) refers to serial_debug.o(.text) for fputc
    printf5.o(i.__0printf$5) refers to printf5.o(i._printf_core) for _printf_core
    printf5.o(i.__0printf$5) refers to serial_debug.o(.text) for fputc
    printf5.o(i.__0printf$5) refers to stdout.o(.data) for __stdout
    printf5.o(i.__0snprintf$5) refers to printf5.o(i._printf_core) for _printf_core
    printf5.o(i.__0snprintf$5) refers to printf5.o(i._snputc) for _snputc
    printf5.o(i.__0sprintf$5) refers to printf5.o(i._printf_core) for _printf_core
    printf5.o(i.__0sprintf$5) refers to printf5.o(i._sputc) for _sputc
    printf5.o(i.__0vfprintf$5) refers to printf5.o(i._printf_core) for _printf_core
    printf5.o(i.__0vfprintf$5) refers to serial_debug.o(.text) for fputc
    printf5.o(i.__0vprintf$5) refers to printf5.o(i._printf_core) for _printf_core
    printf5.o(i.__0vprintf$5) refers to serial_debug.o(.text) for fputc
    printf5.o(i.__0vprintf$5) refers to stdout.o(.data) for __stdout
    printf5.o(i.__0vsnprintf$5) refers to printf5.o(i._printf_core) for _printf_core
    printf5.o(i.__0vsnprintf$5) refers to printf5.o(i._snputc) for _snputc
    printf5.o(i.__0vsprintf$5) refers to printf5.o(i._printf_core) for _printf_core
    printf5.o(i.__0vsprintf$5) refers to printf5.o(i._sputc) for _sputc
    printf5.o(i._printf_core) refers to uldiv.o(.text) for __aeabi_uldivmod
    printf6.o(i.__0fprintf$6) refers to printf6.o(i._printf_core) for _printf_core
    printf6.o(i.__0fprintf$6) refers to serial_debug.o(.text) for fputc
    printf6.o(i.__0printf$6) refers to printf6.o(i._printf_core) for _printf_core
    printf6.o(i.__0printf$6) refers to serial_debug.o(.text) for fputc
    printf6.o(i.__0printf$6) refers to stdout.o(.data) for __stdout
    printf6.o(i.__0snprintf$6) refers to printf6.o(i._printf_core) for _printf_core
    printf6.o(i.__0snprintf$6) refers to printf6.o(i._snputc) for _snputc
    printf6.o(i.__0sprintf$6) refers to printf6.o(i._printf_core) for _printf_core
    printf6.o(i.__0sprintf$6) refers to printf6.o(i._sputc) for _sputc
    printf6.o(i.__0vfprintf$6) refers to printf6.o(i._printf_core) for _printf_core
    printf6.o(i.__0vfprintf$6) refers to serial_debug.o(.text) for fputc
    printf6.o(i.__0vprintf$6) refers to printf6.o(i._printf_core) for _printf_core
    printf6.o(i.__0vprintf$6) refers to serial_debug.o(.text) for fputc
    printf6.o(i.__0vprintf$6) refers to stdout.o(.data) for __stdout
    printf6.o(i.__0vsnprintf$6) refers to printf6.o(i._printf_core) for _printf_core
    printf6.o(i.__0vsnprintf$6) refers to printf6.o(i._snputc) for _snputc
    printf6.o(i.__0vsprintf$6) refers to printf6.o(i._printf_core) for _printf_core
    printf6.o(i.__0vsprintf$6) refers to printf6.o(i._sputc) for _sputc
    printf6.o(i._printf_core) refers to printf6.o(i._printf_pre_padding) for _printf_pre_padding
    printf6.o(i._printf_core) refers to uidiv.o(.text) for __aeabi_uidivmod
    printf6.o(i._printf_core) refers to printf6.o(i._printf_post_padding) for _printf_post_padding
    printf7.o(i.__0fprintf$7) refers to printf7.o(i._printf_core) for _printf_core
    printf7.o(i.__0fprintf$7) refers to serial_debug.o(.text) for fputc
    printf7.o(i.__0printf$7) refers to printf7.o(i._printf_core) for _printf_core
    printf7.o(i.__0printf$7) refers to serial_debug.o(.text) for fputc
    printf7.o(i.__0printf$7) refers to stdout.o(.data) for __stdout
    printf7.o(i.__0snprintf$7) refers to printf7.o(i._printf_core) for _printf_core
    printf7.o(i.__0snprintf$7) refers to printf7.o(i._snputc) for _snputc
    printf7.o(i.__0sprintf$7) refers to printf7.o(i._printf_core) for _printf_core
    printf7.o(i.__0sprintf$7) refers to printf7.o(i._sputc) for _sputc
    printf7.o(i.__0vfprintf$7) refers to printf7.o(i._printf_core) for _printf_core
    printf7.o(i.__0vfprintf$7) refers to serial_debug.o(.text) for fputc
    printf7.o(i.__0vprintf$7) refers to printf7.o(i._printf_core) for _printf_core
    printf7.o(i.__0vprintf$7) refers to serial_debug.o(.text) for fputc
    printf7.o(i.__0vprintf$7) refers to stdout.o(.data) for __stdout
    printf7.o(i.__0vsnprintf$7) refers to printf7.o(i._printf_core) for _printf_core
    printf7.o(i.__0vsnprintf$7) refers to printf7.o(i._snputc) for _snputc
    printf7.o(i.__0vsprintf$7) refers to printf7.o(i._printf_core) for _printf_core
    printf7.o(i.__0vsprintf$7) refers to printf7.o(i._sputc) for _sputc
    printf7.o(i._printf_core) refers to printf7.o(i._printf_pre_padding) for _printf_pre_padding
    printf7.o(i._printf_core) refers to uldiv.o(.text) for __aeabi_uldivmod
    printf7.o(i._printf_core) refers to printf7.o(i._printf_post_padding) for _printf_post_padding
    printf8.o(i.__0fprintf$8) refers to printf8.o(i._printf_core) for _printf_core
    printf8.o(i.__0fprintf$8) refers to serial_debug.o(.text) for fputc
    printf8.o(i.__0printf$8) refers to printf8.o(i._printf_core) for _printf_core
    printf8.o(i.__0printf$8) refers to serial_debug.o(.text) for fputc
    printf8.o(i.__0printf$8) refers to stdout.o(.data) for __stdout
    printf8.o(i.__0snprintf$8) refers to printf8.o(i._printf_core) for _printf_core
    printf8.o(i.__0snprintf$8) refers to printf8.o(i._snputc) for _snputc
    printf8.o(i.__0sprintf$8) refers to printf8.o(i._printf_core) for _printf_core
    printf8.o(i.__0sprintf$8) refers to printf8.o(i._sputc) for _sputc
    printf8.o(i.__0vfprintf$8) refers to printf8.o(i._printf_core) for _printf_core
    printf8.o(i.__0vfprintf$8) refers to serial_debug.o(.text) for fputc
    printf8.o(i.__0vprintf$8) refers to printf8.o(i._printf_core) for _printf_core
    printf8.o(i.__0vprintf$8) refers to serial_debug.o(.text) for fputc
    printf8.o(i.__0vprintf$8) refers to stdout.o(.data) for __stdout
    printf8.o(i.__0vsnprintf$8) refers to printf8.o(i._printf_core) for _printf_core
    printf8.o(i.__0vsnprintf$8) refers to printf8.o(i._snputc) for _snputc
    printf8.o(i.__0vsprintf$8) refers to printf8.o(i._printf_core) for _printf_core
    printf8.o(i.__0vsprintf$8) refers to printf8.o(i._sputc) for _sputc
    printf8.o(i._printf_core) refers to printf8.o(i._printf_pre_padding) for _printf_pre_padding
    printf8.o(i._printf_core) refers to uldiv.o(.text) for __aeabi_uldivmod
    printf8.o(i._printf_core) refers to printf8.o(i._printf_post_padding) for _printf_post_padding
    printfa.o(i.__0fprintf) refers (Special) to iusefp.o(.text) for __I$use$fp
    printfa.o(i.__0fprintf) refers to printfa.o(i._printf_core) for _printf_core
    printfa.o(i.__0fprintf) refers to serial_debug.o(.text) for fputc
    printfa.o(i.__0printf) refers (Special) to iusefp.o(.text) for __I$use$fp
    printfa.o(i.__0printf) refers to printfa.o(i._printf_core) for _printf_core
    printfa.o(i.__0printf) refers to serial_debug.o(.text) for fputc
    printfa.o(i.__0printf) refers to stdout.o(.data) for __stdout
    printfa.o(i.__0snprintf) refers (Special) to iusefp.o(.text) for __I$use$fp
    printfa.o(i.__0snprintf) refers to printfa.o(i._printf_core) for _printf_core
    printfa.o(i.__0snprintf) refers to printfa.o(i._snputc) for _snputc
    printfa.o(i.__0sprintf) refers (Special) to iusefp.o(.text) for __I$use$fp
    printfa.o(i.__0sprintf) refers to printfa.o(i._printf_core) for _printf_core
    printfa.o(i.__0sprintf) refers to printfa.o(i._sputc) for _sputc
    printfa.o(i.__0vfprintf) refers (Special) to iusefp.o(.text) for __I$use$fp
    printfa.o(i.__0vfprintf) refers to printfa.o(i._printf_core) for _printf_core
    printfa.o(i.__0vfprintf) refers to serial_debug.o(.text) for fputc
    printfa.o(i.__0vprintf) refers (Special) to iusefp.o(.text) for __I$use$fp
    printfa.o(i.__0vprintf) refers to printfa.o(i._printf_core) for _printf_core
    printfa.o(i.__0vprintf) refers to serial_debug.o(.text) for fputc
    printfa.o(i.__0vprintf) refers to stdout.o(.data) for __stdout
    printfa.o(i.__0vsnprintf) refers (Special) to iusefp.o(.text) for __I$use$fp
    printfa.o(i.__0vsnprintf) refers to printfa.o(i._printf_core) for _printf_core
    printfa.o(i.__0vsnprintf) refers to printfa.o(i._snputc) for _snputc
    printfa.o(i.__0vsprintf) refers (Special) to iusefp.o(.text) for __I$use$fp
    printfa.o(i.__0vsprintf) refers to printfa.o(i._printf_core) for _printf_core
    printfa.o(i.__0vsprintf) refers to printfa.o(i._sputc) for _sputc
    printfa.o(i._fp_digits) refers (Special) to iusefp.o(.text) for __I$use$fp
    printfa.o(i._fp_digits) refers to dmul.o(.text) for __aeabi_dmul
    printfa.o(i._fp_digits) refers to ddiv.o(.text) for __aeabi_ddiv
    printfa.o(i._fp_digits) refers to cdrcmple.o(.text) for __aeabi_cdrcmple
    printfa.o(i._fp_digits) refers to dadd.o(.text) for __aeabi_dadd
    printfa.o(i._fp_digits) refers to dfixul.o(.text) for __aeabi_d2ulz
    printfa.o(i._fp_digits) refers to uldiv.o(.text) for __aeabi_uldivmod
    printfa.o(i._printf_core) refers (Special) to iusefp.o(.text) for __I$use$fp
    printfa.o(i._printf_core) refers to printfa.o(i._printf_pre_padding) for _printf_pre_padding
    printfa.o(i._printf_core) refers to uldiv.o(.text) for __aeabi_uldivmod
    printfa.o(i._printf_core) refers to printfa.o(i._printf_post_padding) for _printf_post_padding
    printfa.o(i._printf_core) refers to printfa.o(i._fp_digits) for _fp_digits
    printfa.o(i._printf_core) refers to uidiv.o(.text) for __aeabi_uidivmod
    printfa.o(i._printf_post_padding) refers (Special) to iusefp.o(.text) for __I$use$fp
    printfa.o(i._printf_pre_padding) refers (Special) to iusefp.o(.text) for __I$use$fp
    printfa.o(i._snputc) refers (Special) to iusefp.o(.text) for __I$use$fp
    printfa.o(i._sputc) refers (Special) to iusefp.o(.text) for __I$use$fp
    malloc.o(i.free) refers to mvars.o(.data) for __microlib_freelist
    malloc.o(i.malloc) refers to mvars.o(.data) for __microlib_freelist_initialised
    malloc.o(i.malloc) refers to mvars.o(.data) for __microlib_freelist
    malloc.o(i.malloc) refers to startup_tm4c123.o(HEAP) for __heap_base
    mallocr.o(i.__free$realloc) refers to mvars.o(.data) for __microlib_freelist
    mallocr.o(i.__malloc$realloc) refers to mallocr.o(i.internal_alloc) for internal_alloc
    mallocr.o(i.__malloc$realloc) refers to mvars.o(.data) for __microlib_freelist_initialised
    mallocr.o(i.__malloc$realloc) refers to startup_tm4c123.o(HEAP) for __heap_base
    mallocr.o(i.__malloc$realloc) refers to mvars.o(.data) for __microlib_freelist
    mallocr.o(i.internal_alloc) refers to memcpya.o(.text) for __aeabi_memcpy
    mallocr.o(i.internal_alloc) refers to mvars.o(.data) for __microlib_freelist
    mallocr.o(i.realloc) refers to mallocr.o(i.__free$realloc) for __free$realloc
    mallocr.o(i.realloc) refers to mallocr.o(i.internal_alloc) for internal_alloc
    mallocr.o(i.realloc) refers to mallocr.o(i.__malloc$realloc) for __malloc$realloc
    mallocr.o(i.realloc) refers to mvars.o(.data) for __microlib_freelist
    malloca.o(i.__aligned_malloc) refers to mvars.o(.data) for __microlib_freelist_initialised
    malloca.o(i.__aligned_malloc) refers to mvars.o(.data) for __microlib_freelist
    malloca.o(i.__aligned_malloc) refers to startup_tm4c123.o(HEAP) for __heap_base
    malloca.o(i.__free$memalign) refers to mvars.o(.data) for __microlib_freelist
    malloca.o(i.__malloc$memalign) refers to malloca.o(i.__aligned_malloc) for __aligned_malloc
    mallocra.o(i.__aligned_malloc$realloc) refers to mallocra.o(i.internal_alloc) for internal_alloc
    mallocra.o(i.__aligned_malloc$realloc) refers to mvars.o(.data) for __microlib_freelist_initialised
    mallocra.o(i.__aligned_malloc$realloc) refers to startup_tm4c123.o(HEAP) for __heap_base
    mallocra.o(i.__aligned_malloc$realloc) refers to mvars.o(.data) for __microlib_freelist
    mallocra.o(i.__free$realloc$memalign) refers to mvars.o(.data) for __microlib_freelist
    mallocra.o(i.__malloc$realloc$memalign) refers to mallocra.o(i.__aligned_malloc$realloc) for __aligned_malloc$realloc
    mallocra.o(i.__realloc$memalign) refers to mallocra.o(i.__free$realloc$memalign) for __free$realloc$memalign
    mallocra.o(i.__realloc$memalign) refers to mallocra.o(i.internal_alloc) for internal_alloc
    mallocra.o(i.__realloc$memalign) refers to mallocra.o(i.__malloc$realloc$memalign) for __malloc$realloc$memalign
    mallocra.o(i.__realloc$memalign) refers to mvars.o(.data) for __microlib_freelist
    mallocra.o(i.internal_alloc) refers to memcpya.o(.text) for __aeabi_memcpy
    mallocra.o(i.internal_alloc) refers to mvars.o(.data) for __microlib_freelist
    atoi.o(.text) refers to errno.o(i.__aeabi_errno_addr) for __aeabi_errno_addr
    atoi.o(.text) refers to strtol.o(.text) for strtol
    entry2.o(.ARM.Collect$$$$00000001) refers to entry2.o(.ARM.Collect$$$$00002712) for __lit__00000000
    entry2.o(.ARM.Collect$$$$00002712) refers to startup_tm4c123.o(STACK) for __initial_sp
    entry2.o(__vectab_stack_and_reset_area) refers to startup_tm4c123.o(STACK) for __initial_sp
    entry2.o(__vectab_stack_and_reset_area) refers to entry.o(.ARM.Collect$$$$00000000) for __main
    entry5.o(.ARM.Collect$$$$00000004) refers to init.o(.text) for __scatterload
    entry9a.o(.ARM.Collect$$$$0000000B) refers to main.o(.text) for main
    entry9b.o(.ARM.Collect$$$$0000000C) refers to main.o(.text) for main
    uldiv.o(.text) refers to llushr.o(.text) for __aeabi_llsr
    uldiv.o(.text) refers to llshl.o(.text) for __aeabi_llsl
    errno.o(i.__aeabi_errno_addr) refers to errno.o(.data) for .data
    errno.o(i.__read_errno) refers to errno.o(.data) for .data
    errno.o(i.__set_errno) refers to errno.o(.data) for .data
    strtol.o(.text) refers to ctype_o.o(.text) for __rt_ctype_table
    strtol.o(.text) refers to _strtoul.o(.text) for _strtoul
    strtol.o(.text) refers to errno.o(i.__aeabi_errno_addr) for __aeabi_errno_addr
    dadd.o(.text) refers to llshl.o(.text) for __aeabi_llsl
    dadd.o(.text) refers to llsshr.o(.text) for __aeabi_lasr
    dadd.o(.text) refers to depilogue.o(.text) for _double_epilogue
    dmul.o(.text) refers to depilogue.o(.text) for _double_epilogue
    ddiv.o(.text) refers to depilogue.o(.text) for _double_round
    dfixul.o(.text) refers to llushr.o(.text) for __aeabi_llsr
    dfixul.o(.text) refers to llshl.o(.text) for __aeabi_llsl
    init.o(.text) refers to entry5.o(.ARM.Collect$$$$00000004) for __main_after_scatterload
    ctype_o.o(.text) refers to ctype_o.o(.constdata) for .constdata
    ctype_o.o(.constdata) refers to ctype_o.o(.constdata) for __ctype_table
    isalnum_o.o(.text) refers to ctype_o.o(.text) for __rt_ctype_table
    isalpha_o.o(.text) refers to ctype_o.o(.text) for __rt_ctype_table
    isblank_o.o(.text) refers to ctype_o.o(.constdata) for __ctype_table
    iscntrl_o.o(.text) refers to ctype_o.o(.text) for __rt_ctype_table
    isdigit_o.o(.text) refers to ctype_o.o(.text) for __rt_ctype_table
    isgraph_o.o(.text) refers to ctype_o.o(.text) for __rt_ctype_table
    islower_o.o(.text) refers to ctype_o.o(.text) for __rt_ctype_table
    isprint_o.o(.text) refers to ctype_o.o(.text) for __rt_ctype_table
    ispunct_o.o(.text) refers to ctype_o.o(.text) for __rt_ctype_table
    isspace_o.o(.text) refers to ctype_o.o(.text) for __rt_ctype_table
    isupper_o.o(.text) refers to ctype_o.o(.text) for __rt_ctype_table
    isxdigit_o.o(.text) refers to ctype_o.o(.text) for __rt_ctype_table
    _strtoul.o(.text) refers to _chval.o(.text) for _chval
    _strtoul.o(.text) refers to errno.o(i.__aeabi_errno_addr) for __aeabi_errno_addr
    depilogue.o(.text) refers to llshl.o(.text) for __aeabi_llsl
    depilogue.o(.text) refers to llushr.o(.text) for __aeabi_llsr


==============================================================================

Removing Unused input sections from the image.

    Removing main.o(.rev16_text), (4 bytes).
    Removing main.o(.revsh_text), (4 bytes).
    Removing main.o(.rrx_text), (6 bytes).
    Removing project_hardware_init.o(.rev16_text), (4 bytes).
    Removing project_hardware_init.o(.revsh_text), (4 bytes).
    Removing project_hardware_init.o(.rrx_text), (6 bytes).
    Removing project_interrupts.o(.rev16_text), (4 bytes).
    Removing project_interrupts.o(.revsh_text), (4 bytes).
    Removing project_interrupts.o(.rrx_text), (6 bytes).
    Removing debounce.o(.rev16_text), (4 bytes).
    Removing debounce.o(.revsh_text), (4 bytes).
    Removing debounce.o(.rrx_text), (6 bytes).
    Removing adc.o(.rev16_text), (4 bytes).
    Removing adc.o(.revsh_text), (4 bytes).
    Removing adc.o(.rrx_text), (6 bytes).
    Removing gpio_port.o(.rev16_text), (4 bytes).
    Removing gpio_port.o(.revsh_text), (4 bytes).
    Removing gpio_port.o(.rrx_text), (6 bytes).
    Removing i2c.o(.rev16_text), (4 bytes).
    Removing i2c.o(.revsh_text), (4 bytes).
    Removing i2c.o(.rrx_text), (6 bytes).
    Removing spi.o(.rev16_text), (4 bytes).
    Removing spi.o(.revsh_text), (4 bytes).
    Removing spi.o(.rrx_text), (6 bytes).
    Removing spi.o(.text), (352 bytes).
    Removing timers.o(.rev16_text), (4 bytes).
    Removing timers.o(.revsh_text), (4 bytes).
    Removing timers.o(.rrx_text), (6 bytes).
    Removing uart.o(.rev16_text), (4 bytes).
    Removing uart.o(.revsh_text), (4 bytes).
    Removing uart.o(.rrx_text), (6 bytes).
    Removing accel.o(.rev16_text), (4 bytes).
    Removing accel.o(.revsh_text), (4 bytes).
    Removing accel.o(.rrx_text), (6 bytes).
    Removing accel.o(.text), (224 bytes).
    Removing eeprom.o(.rev16_text), (4 bytes).
    Removing eeprom.o(.revsh_text), (4 bytes).
    Removing eeprom.o(.rrx_text), (6 bytes).
    Removing ft6x06.o(.rev16_text), (4 bytes).
    Removing ft6x06.o(.revsh_text), (4 bytes).
    Removing ft6x06.o(.rrx_text), (6 bytes).
    Removing launchpad_io.o(.rev16_text), (4 bytes).
    Removing launchpad_io.o(.revsh_text), (4 bytes).
    Removing launchpad_io.o(.rrx_text), (6 bytes).
    Removing lcd.o(.rev16_text), (4 bytes).
    Removing lcd.o(.revsh_text), (4 bytes).
    Removing lcd.o(.rrx_text), (6 bytes).
    Removing serial_debug.o(.rev16_text), (4 bytes).
    Removing serial_debug.o(.revsh_text), (4 bytes).
    Removing serial_debug.o(.rrx_text), (6 bytes).
    Removing spi_select.o(.rev16_text), (4 bytes).
    Removing spi_select.o(.revsh_text), (4 bytes).
    Removing spi_select.o(.rrx_text), (6 bytes).
    Removing spi_select.o(.text), (164 bytes).
    Removing ps2.o(.rev16_text), (4 bytes).
    Removing ps2.o(.revsh_text), (4 bytes).
    Removing ps2.o(.rrx_text), (6 bytes).
    Removing ws2812b_ice.o(.rev16_text), (4 bytes).
    Removing ws2812b_ice.o(.revsh_text), (4 bytes).
    Removing ws2812b_ice.o(.rrx_text), (6 bytes).
    Removing ws2812b_ice.o(.text), (236 bytes).
    Removing ws2812b_ice.o(.data), (4 bytes).
    Removing ws2812b.o(FLASH), (160 bytes).
    Removing io_expander.o(.rev16_text), (4 bytes).
    Removing io_expander.o(.revsh_text), (4 bytes).
    Removing io_expander.o(.rrx_text), (6 bytes).
    Removing system_tm4c123.o(.rev16_text), (4 bytes).
    Removing system_tm4c123.o(.revsh_text), (4 bytes).
    Removing system_tm4c123.o(.rrx_text), (6 bytes).
    Removing dadd.o(.text), (334 bytes).
    Removing dmul.o(.text), (228 bytes).
    Removing ddiv.o(.text), (222 bytes).
    Removing dfixul.o(.text), (48 bytes).
    Removing cdrcmple.o(.text), (48 bytes).
    Removing depilogue.o(.text), (186 bytes).

75 unused section(s) (total 2500 bytes) removed from the image.

==============================================================================

Image Symbol Table

    Local Symbols

    Symbol Name                              Value     Ov Type        Size  Object(Section)

    RESET                                    0x00000000   Section      620  startup_tm4c123.o(RESET)
    ../clib/../cmprslib/zerorunl2.c          0x00000000   Number         0  __dczerorl2.o ABSOLUTE
    ../clib/microlib/ctype/ctype.c           0x00000000   Number         0  isalnum_o.o ABSOLUTE
    ../clib/microlib/ctype/ctype.c           0x00000000   Number         0  ctype_o.o ABSOLUTE
    ../clib/microlib/ctype/ctype.c           0x00000000   Number         0  isgraph_o.o ABSOLUTE
    ../clib/microlib/ctype/ctype.c           0x00000000   Number         0  isxdigit_o.o ABSOLUTE
    ../clib/microlib/ctype/ctype.c           0x00000000   Number         0  isupper_o.o ABSOLUTE
    ../clib/microlib/ctype/ctype.c           0x00000000   Number         0  isspace_o.o ABSOLUTE
    ../clib/microlib/ctype/ctype.c           0x00000000   Number         0  ispunct_o.o ABSOLUTE
    ../clib/microlib/ctype/ctype.c           0x00000000   Number         0  isprint_o.o ABSOLUTE
    ../clib/microlib/ctype/ctype.c           0x00000000   Number         0  islower_o.o ABSOLUTE
    ../clib/microlib/ctype/ctype.c           0x00000000   Number         0  isdigit_o.o ABSOLUTE
    ../clib/microlib/ctype/ctype.c           0x00000000   Number         0  iscntrl_o.o ABSOLUTE
    ../clib/microlib/ctype/ctype.c           0x00000000   Number         0  isblank_o.o ABSOLUTE
    ../clib/microlib/ctype/ctype.c           0x00000000   Number         0  isalpha_o.o ABSOLUTE
    ../clib/microlib/division.c              0x00000000   Number         0  uidiv.o ABSOLUTE
    ../clib/microlib/division.c              0x00000000   Number         0  uldiv.o ABSOLUTE
    ../clib/microlib/errno.c                 0x00000000   Number         0  errno.o ABSOLUTE
    ../clib/microlib/init/entry.s            0x00000000   Number         0  entry9b.o ABSOLUTE
    ../clib/microlib/init/entry.s            0x00000000   Number         0  entry11a.o ABSOLUTE
    ../clib/microlib/init/entry.s            0x00000000   Number         0  entry10b.o ABSOLUTE
    ../clib/microlib/init/entry.s            0x00000000   Number         0  entry10a.o ABSOLUTE
    ../clib/microlib/init/entry.s            0x00000000   Number         0  entry11b.o ABSOLUTE
    ../clib/microlib/init/entry.s            0x00000000   Number         0  entry8a.o ABSOLUTE
    ../clib/microlib/init/entry.s            0x00000000   Number         0  entry8b.o ABSOLUTE
    ../clib/microlib/init/entry.s            0x00000000   Number         0  entry9a.o ABSOLUTE
    ../clib/microlib/init/entry.s            0x00000000   Number         0  entry.o ABSOLUTE
    ../clib/microlib/init/entry.s            0x00000000   Number         0  entry7a.o ABSOLUTE
    ../clib/microlib/init/entry.s            0x00000000   Number         0  entry2.o ABSOLUTE
    ../clib/microlib/init/entry.s            0x00000000   Number         0  entry5.o ABSOLUTE
    ../clib/microlib/init/entry.s            0x00000000   Number         0  entry7b.o ABSOLUTE
    ../clib/microlib/longlong.c              0x00000000   Number         0  llsshr.o ABSOLUTE
    ../clib/microlib/longlong.c              0x00000000   Number         0  llushr.o ABSOLUTE
    ../clib/microlib/longlong.c              0x00000000   Number         0  llshl.o ABSOLUTE
    ../clib/microlib/malloc/malloc.c         0x00000000   Number         0  malloc.o ABSOLUTE
    ../clib/microlib/malloc/malloc.c         0x00000000   Number         0  malloca.o ABSOLUTE
    ../clib/microlib/malloc/malloc.c         0x00000000   Number         0  mallocra.o ABSOLUTE
    ../clib/microlib/malloc/malloc.c         0x00000000   Number         0  mallocr.o ABSOLUTE
    ../clib/microlib/malloc/mvars.c          0x00000000   Number         0  mvars.o ABSOLUTE
    ../clib/microlib/printf/printf.c         0x00000000   Number         0  printf3.o ABSOLUTE
    ../clib/microlib/printf/printf.c         0x00000000   Number         0  printf4.o ABSOLUTE
    ../clib/microlib/printf/printf.c         0x00000000   Number         0  printf5.o ABSOLUTE
    ../clib/microlib/printf/printf.c         0x00000000   Number         0  printf0.o ABSOLUTE
    ../clib/microlib/printf/printf.c         0x00000000   Number         0  printf6.o ABSOLUTE
    ../clib/microlib/printf/printf.c         0x00000000   Number         0  printf2.o ABSOLUTE
    ../clib/microlib/printf/printf.c         0x00000000   Number         0  printfb.o ABSOLUTE
    ../clib/microlib/printf/printf.c         0x00000000   Number         0  printf7.o ABSOLUTE
    ../clib/microlib/printf/printf.c         0x00000000   Number         0  printf8.o ABSOLUTE
    ../clib/microlib/printf/printf.c         0x00000000   Number         0  printfa.o ABSOLUTE
    ../clib/microlib/printf/printf.c         0x00000000   Number         0  printf1.o ABSOLUTE
    ../clib/microlib/printf/stubs.s          0x00000000   Number         0  stubs.o ABSOLUTE
    ../clib/microlib/stdio/streams.c         0x00000000   Number         0  stdout.o ABSOLUTE
    ../clib/microlib/string/memcpy.c         0x00000000   Number         0  memcpyb.o ABSOLUTE
    ../clib/microlib/string/memcpy.c         0x00000000   Number         0  memcpya.o ABSOLUTE
    ../clib/microlib/string/strlen.c         0x00000000   Number         0  strlen.o ABSOLUTE
    ../clib/microlib/stubs.s                 0x00000000   Number         0  iusefp.o ABSOLUTE
    ../clib/scanf.c                          0x00000000   Number         0  atoi.o ABSOLUTE
    ../clib/scanf.c                          0x00000000   Number         0  _chval.o ABSOLUTE
    ../clib/scanf.c                          0x00000000   Number         0  strtol.o ABSOLUTE
    ../clib/scanf.c                          0x00000000   Number         0  _strtoul.o ABSOLUTE
    ../fplib/microlib/fpadd.c                0x00000000   Number         0  dadd.o ABSOLUTE
    ../fplib/microlib/fpdiv.c                0x00000000   Number         0  ddiv.o ABSOLUTE
    ../fplib/microlib/fpepilogue.c           0x00000000   Number         0  depilogue.o ABSOLUTE
    ../fplib/microlib/fpfix.c                0x00000000   Number         0  dfixul.o ABSOLUTE
    ../fplib/microlib/fpmul.c                0x00000000   Number         0  dmul.o ABSOLUTE
    ..\\drivers\\c\\adc.c                    0x00000000   Number         0  adc.o ABSOLUTE
    ..\\drivers\\c\\gpio_port.c              0x00000000   Number         0  gpio_port.o ABSOLUTE
    ..\\drivers\\c\\i2c.c                    0x00000000   Number         0  i2c.o ABSOLUTE
    ..\\drivers\\c\\spi.c                    0x00000000   Number         0  spi.o ABSOLUTE
    ..\\drivers\\c\\timers.c                 0x00000000   Number         0  timers.o ABSOLUTE
    ..\\drivers\\c\\uart.c                   0x00000000   Number         0  uart.o ABSOLUTE
    ..\\peripherals\\c\\accel.c              0x00000000   Number         0  accel.o ABSOLUTE
    ..\\peripherals\\c\\eeprom.c             0x00000000   Number         0  eeprom.o ABSOLUTE
    ..\\peripherals\\c\\ft6x06.c             0x00000000   Number         0  ft6x06.o ABSOLUTE
    ..\\peripherals\\c\\launchpad_io.c       0x00000000   Number         0  launchpad_io.o ABSOLUTE
    ..\\peripherals\\c\\lcd.c                0x00000000   Number         0  lcd.o ABSOLUTE
    ..\\peripherals\\c\\ps2.c                0x00000000   Number         0  ps2.o ABSOLUTE
    ..\\peripherals\\c\\serial_debug.c       0x00000000   Number         0  serial_debug.o ABSOLUTE
    ..\\peripherals\\c\\spi_select.c         0x00000000   Number         0  spi_select.o ABSOLUTE
    ..\\peripherals\\c\\ws2812b_ice.c        0x00000000   Number         0  ws2812b_ice.o ABSOLUTE
    ..\drivers\c\adc.c                       0x00000000   Number         0  adc.o ABSOLUTE
    ..\drivers\c\gpio_port.c                 0x00000000   Number         0  gpio_port.o ABSOLUTE
    ..\drivers\c\i2c.c                       0x00000000   Number         0  i2c.o ABSOLUTE
    ..\drivers\c\pc_buffer.c                 0x00000000   Number         0  pc_buffer.o ABSOLUTE
    ..\drivers\c\spi.c                       0x00000000   Number         0  spi.o ABSOLUTE
    ..\drivers\c\timers.c                    0x00000000   Number         0  timers.o ABSOLUTE
    ..\drivers\c\uart.c                      0x00000000   Number         0  uart.o ABSOLUTE
    ..\peripherals\c\accel.c                 0x00000000   Number         0  accel.o ABSOLUTE
    ..\peripherals\c\eeprom.c                0x00000000   Number         0  eeprom.o ABSOLUTE
    ..\peripherals\c\ft6x06.c                0x00000000   Number         0  ft6x06.o ABSOLUTE
    ..\peripherals\c\launchpad_io.c          0x00000000   Number         0  launchpad_io.o ABSOLUTE
    ..\peripherals\c\lcd.c                   0x00000000   Number         0  lcd.o ABSOLUTE
    ..\peripherals\c\ps2.c                   0x00000000   Number         0  ps2.o ABSOLUTE
    ..\peripherals\c\serial_debug.c          0x00000000   Number         0  serial_debug.o ABSOLUTE
    ..\peripherals\c\spi_select.c            0x00000000   Number         0  spi_select.o ABSOLUTE
    ..\peripherals\c\ws2812b.s               0x00000000   Number         0  ws2812b.o ABSOLUTE
    ..\peripherals\c\ws2812b_ice.c           0x00000000   Number         0  ws2812b_ice.o ABSOLUTE
    RTE\Device\TM4C123GH6PM\startup_TM4C123.s 0x00000000   Number         0  startup_tm4c123.o ABSOLUTE
    RTE\Device\TM4C123GH6PM\system_TM4C123.c 0x00000000   Number         0  system_tm4c123.o ABSOLUTE
    RTE\\Device\\TM4C123GH6PM\\system_TM4C123.c 0x00000000   Number         0  system_tm4c123.o ABSOLUTE
    cdrcmple.s                               0x00000000   Number         0  cdrcmple.o ABSOLUTE
    dc.s                                     0x00000000   Number         0  dc.o ABSOLUTE
    debounce.c                               0x00000000   Number         0  debounce.o ABSOLUTE
    debounce.c                               0x00000000   Number         0  debounce.o ABSOLUTE
    fonts.c                                  0x00000000   Number         0  fonts.o ABSOLUTE
    handlers.s                               0x00000000   Number         0  handlers.o ABSOLUTE
    init.s                                   0x00000000   Number         0  init.o ABSOLUTE
    io_expander.c                            0x00000000   Number         0  io_expander.o ABSOLUTE
    io_expander.c                            0x00000000   Number         0  io_expander.o ABSOLUTE
    main.c                                   0x00000000   Number         0  main.o ABSOLUTE
    main.c                                   0x00000000   Number         0  main.o ABSOLUTE
    project_hardware_init.c                  0x00000000   Number         0  project_hardware_init.o ABSOLUTE
    project_hardware_init.c                  0x00000000   Number         0  project_hardware_init.o ABSOLUTE
    project_images.c                         0x00000000   Number         0  project_images.o ABSOLUTE
    project_interrupts.c                     0x00000000   Number         0  project_interrupts.o ABSOLUTE
    project_interrupts.c                     0x00000000   Number         0  project_interrupts.o ABSOLUTE
    .ARM.Collect$$$$00000000                 0x0000026c   Section        0  entry.o(.ARM.Collect$$$$00000000)
    .ARM.Collect$$$$00000001                 0x0000026c   Section        4  entry2.o(.ARM.Collect$$$$00000001)
    .ARM.Collect$$$$00000004                 0x00000270   Section        4  entry5.o(.ARM.Collect$$$$00000004)
    .ARM.Collect$$$$00000008                 0x00000274   Section        0  entry7b.o(.ARM.Collect$$$$00000008)
    .ARM.Collect$$$$0000000A                 0x00000274   Section        0  entry8b.o(.ARM.Collect$$$$0000000A)
    .ARM.Collect$$$$0000000B                 0x00000274   Section        8  entry9a.o(.ARM.Collect$$$$0000000B)
    .ARM.Collect$$$$0000000D                 0x0000027c   Section        0  entry10a.o(.ARM.Collect$$$$0000000D)
    .ARM.Collect$$$$0000000F                 0x0000027c   Section        0  entry11a.o(.ARM.Collect$$$$0000000F)
    .ARM.Collect$$$$00002712                 0x0000027c   Section        4  entry2.o(.ARM.Collect$$$$00002712)
    __lit__00000000                          0x0000027c   Data           4  entry2.o(.ARM.Collect$$$$00002712)
    .text                                    0x00000280   Section        0  main.o(.text)
    .text                                    0x00001f64   Section        0  project_hardware_init.o(.text)
    .text                                    0x0000201c   Section        0  project_interrupts.o(.text)
    .text                                    0x00002194   Section        0  debounce.o(.text)
    .text                                    0x00002274   Section        0  adc.o(.text)
    verify_adc_address                       0x00002275   Thumb Code    26  adc.o(.text)
    .text                                    0x00002344   Section        0  gpio_port.o(.text)
    verify_base_addr                         0x00002345   Thumb Code    64  gpio_port.o(.text)
    .text                                    0x00002668   Section        0  i2c.o(.text)
    .text                                    0x00002870   Section        0  pc_buffer.o(.text)
    .text                                    0x000028ec   Section        0  timers.o(.text)
    __NVIC_EnableIRQ                         0x000028ed   Thumb Code    34  timers.o(.text)
    __NVIC_SetPriority                       0x0000290f   Thumb Code    32  timers.o(.text)
    verify_base_addr                         0x0000292f   Thumb Code    64  timers.o(.text)
    get_clock_masks                          0x00002a03   Thumb Code   106  timers.o(.text)
    .text                                    0x00002d0c   Section        0  uart.o(.text)
    .text                                    0x00002f98   Section        0  eeprom.o(.text)
    eeprom_wait_for_write                    0x00002f99   Thumb Code    68  eeprom.o(.text)
    .text                                    0x0000315c   Section        0  ft6x06.o(.text)
    ft6x06_set_addr                          0x0000315d   Thumb Code    52  ft6x06.o(.text)
    ft6x06_read_data                         0x00003191   Thumb Code    52  ft6x06.o(.text)
    .text                                    0x00003308   Section        0  launchpad_io.o(.text)
    .text                                    0x000033e0   Section        0  lcd.o(.text)
    delayms                                  0x000033e1   Thumb Code    26  lcd.o(.text)
    lcd_write_cmd_u8                         0x000033fb   Thumb Code    40  lcd.o(.text)
    lcd_write_data_u8                        0x00003423   Thumb Code    28  lcd.o(.text)
    .text                                    0x00003874   Section        0  serial_debug.o(.text)
    UART_Tx_Flow                             0x00003a3d   Thumb Code    82  serial_debug.o(.text)
    .text                                    0x00003aa8   Section        0  ps2.o(.text)
    initialize_adc_gpio_pins                 0x00003aa9   Thumb Code    34  ps2.o(.text)
    ps2_configure_adc                        0x00003acb   Thumb Code   118  ps2.o(.text)
    .text                                    0x00003be0   Section        0  io_expander.o(.text)
    io_expander_byte_write                   0x00003be1   Thumb Code    76  io_expander.o(.text)
    configure_button_interrupts              0x00003c83   Thumb Code    70  io_expander.o(.text)
    .text                                    0x00003e04   Section      252  startup_tm4c123.o(.text)
    $v0                                      0x00003e04   Number         0  startup_tm4c123.o(.text)
    .text                                    0x00003f00   Section        0  system_tm4c123.o(.text)
    getOscClk                                0x00003f01   Thumb Code   182  system_tm4c123.o(.text)
    .text                                    0x00004150   Section        0  strlen.o(.text)
    .text                                    0x0000415e   Section        0  atoi.o(.text)
    .text                                    0x00004178   Section        0  uidiv.o(.text)
    .text                                    0x000041a4   Section        0  strtol.o(.text)
    .text                                    0x00004214   Section       36  init.o(.text)
    .text                                    0x00004238   Section        0  ctype_o.o(.text)
    .text                                    0x00004240   Section        0  _strtoul.o(.text)
    .text                                    0x000042de   Section        0  _chval.o(.text)
    .text                                    0x000042fa   Section        0  __dczerorl2.o(.text)
    i.__0printf$1                            0x00004350   Section        0  printf1.o(i.__0printf$1)
    i.__0sprintf$1                           0x00004370   Section        0  printf1.o(i.__0sprintf$1)
    i.__aeabi_errno_addr                     0x00004398   Section        0  errno.o(i.__aeabi_errno_addr)
    i.__scatterload_copy                     0x000043a0   Section       14  handlers.o(i.__scatterload_copy)
    i.__scatterload_null                     0x000043ae   Section        2  handlers.o(i.__scatterload_null)
    i.__scatterload_zeroinit                 0x000043b0   Section       14  handlers.o(i.__scatterload_zeroinit)
    i._printf_core                           0x000043c0   Section        0  printf1.o(i._printf_core)
    _printf_core                             0x000043c1   Thumb Code   336  printf1.o(i._printf_core)
    i._sputc                                 0x00004514   Section        0  printf1.o(i._sputc)
    _sputc                                   0x00004515   Thumb Code    10  printf1.o(i._sputc)
    i.lcd_write_data_u16                     0x00004520   Section        0  lcd.o(i.lcd_write_data_u16)
    i.malloc                                 0x0000455c   Section        0  malloc.o(i.malloc)
    .constdata                               0x000045c8   Section       18  main.o(.constdata)
    MOVE_AMOUNT                              0x000045c8   Data          14  main.o(.constdata)
    MOV_DIR                                  0x000045d6   Data           4  main.o(.constdata)
    .constdata                               0x000045da   Section     1669  project_images.o(.constdata)
    .constdata                               0x00004c5f   Section     1868  fonts.o(.constdata)
    .constdata                               0x000053ab   Section      129  ctype_o.o(.constdata)
    .constdata                               0x0000542c   Section        4  ctype_o.o(.constdata)
    table                                    0x0000542c   Data           4  ctype_o.o(.constdata)
    .data                                    0x20000000   Section      269  main.o(.data)
    current_direction_d1                     0x200000f1   Data           1  main.o(.data)
    move_count_D1                            0x200000f4   Data           4  main.o(.data)
    current_direction_d2                     0x200000f8   Data           1  main.o(.data)
    move_count_D2                            0x200000fc   Data           4  main.o(.data)
    current_direction_d3                     0x20000100   Data           1  main.o(.data)
    move_count_D3                            0x20000104   Data           4  main.o(.data)
    lfsr                                     0x20000108   Data           2  main.o(.data)
    light_on                                 0x2000010a   Data           1  main.o(.data)
    lives_lost                               0x2000010b   Data           1  main.o(.data)
    num_presses                              0x2000010c   Data           1  main.o(.data)
    .data                                    0x20000110   Section        4  project_interrupts.o(.data)
    count_d1                                 0x20000110   Data           4  project_interrupts.o(.data)
    .data                                    0x20000114   Section        1  debounce.o(.data)
    state                                    0x20000114   Data           1  debounce.o(.data)
    .data                                    0x20000115   Section        2  serial_debug.o(.data)
    Rx_Interrupts_Enabled                    0x20000115   Data           1  serial_debug.o(.data)
    Tx_Interrupts_Enabled                    0x20000116   Data           1  serial_debug.o(.data)
    .data                                    0x20000118   Section        4  system_tm4c123.o(.data)
    .data                                    0x2000011c   Section        4  stdout.o(.data)
    .data                                    0x20000120   Section        4  mvars.o(.data)
    .data                                    0x20000124   Section        4  mvars.o(.data)
    .data                                    0x20000128   Section        4  errno.o(.data)
    _errno                                   0x20000128   Data           4  errno.o(.data)
    .bss                                     0x2000012c   Section       28  serial_debug.o(.bss)
    HEAP                                     0x20000148   Section        0  startup_tm4c123.o(HEAP)
    STACK                                    0x20000148   Section     4096  startup_tm4c123.o(STACK)

    Global Symbols

    Symbol Name                              Value     Ov Type        Size  Object(Section)

    BuildAttributes$$THM_ISAv4$E$P$D$K$B$S$7EM$VFPi3$EXTD16$VFPS$VFMA$PE$A:L22UL41UL21$X:L11$S22US41US21$IEEE1$IW$USESV6$~STKCKD$USESV7$~SHL$OSPACE$ROPI$EBA8$MICROLIB$REQ8$EABIv2 0x00000000   Number         0  anon$$obj.o ABSOLUTE
    __ARM_use_no_argv                        0x00000000   Number         0  main.o ABSOLUTE
    __Vectors                                0x00000000   Data           4  startup_tm4c123.o(RESET)
    _printf_a                                0x00000000   Number         0  stubs.o ABSOLUTE
    _printf_c                                0x00000000   Number         0  stubs.o ABSOLUTE
    _printf_charcount                        0x00000000   Number         0  stubs.o ABSOLUTE
    _printf_d                                0x00000000   Number         0  stubs.o ABSOLUTE
    _printf_e                                0x00000000   Number         0  stubs.o ABSOLUTE
    _printf_f                                0x00000000   Number         0  stubs.o ABSOLUTE
    _printf_flags                            0x00000000   Number         0  stubs.o ABSOLUTE
    _printf_fp_dec                           0x00000000   Number         0  stubs.o ABSOLUTE
    _printf_fp_hex                           0x00000000   Number         0  stubs.o ABSOLUTE
    _printf_g                                0x00000000   Number         0  stubs.o ABSOLUTE
    _printf_i                                0x00000000   Number         0  stubs.o ABSOLUTE
    _printf_int_dec                          0x00000000   Number         0  stubs.o ABSOLUTE
    _printf_l                                0x00000000   Number         0  stubs.o ABSOLUTE
    _printf_lc                               0x00000000   Number         0  stubs.o ABSOLUTE
    _printf_ll                               0x00000000   Number         0  stubs.o ABSOLUTE
    _printf_lld                              0x00000000   Number         0  stubs.o ABSOLUTE
    _printf_lli                              0x00000000   Number         0  stubs.o ABSOLUTE
    _printf_llo                              0x00000000   Number         0  stubs.o ABSOLUTE
    _printf_llu                              0x00000000   Number         0  stubs.o ABSOLUTE
    _printf_llx                              0x00000000   Number         0  stubs.o ABSOLUTE
    _printf_longlong_dec                     0x00000000   Number         0  stubs.o ABSOLUTE
    _printf_longlong_hex                     0x00000000   Number         0  stubs.o ABSOLUTE
    _printf_longlong_oct                     0x00000000   Number         0  stubs.o ABSOLUTE
    _printf_ls                               0x00000000   Number         0  stubs.o ABSOLUTE
    _printf_mbtowc                           0x00000000   Number         0  stubs.o ABSOLUTE
    _printf_n                                0x00000000   Number         0  stubs.o ABSOLUTE
    _printf_o                                0x00000000   Number         0  stubs.o ABSOLUTE
    _printf_p                                0x00000000   Number         0  stubs.o ABSOLUTE
    _printf_percent                          0x00000000   Number         0  stubs.o ABSOLUTE
    _printf_pre_padding                      0x00000000   Number         0  stubs.o ABSOLUTE
    _printf_return_value                     0x00000000   Number         0  stubs.o ABSOLUTE
    _printf_s                                0x00000000   Number         0  stubs.o ABSOLUTE
    _printf_sizespec                         0x00000000   Number         0  stubs.o ABSOLUTE
    _printf_str                              0x00000000   Number         0  stubs.o ABSOLUTE
    _printf_truncate_signed                  0x00000000   Number         0  stubs.o ABSOLUTE
    _printf_truncate_unsigned                0x00000000   Number         0  stubs.o ABSOLUTE
    _printf_u                                0x00000000   Number         0  stubs.o ABSOLUTE
    _printf_wc                               0x00000000   Number         0  stubs.o ABSOLUTE
    _printf_wctomb                           0x00000000   Number         0  stubs.o ABSOLUTE
    _printf_widthprec                        0x00000000   Number         0  stubs.o ABSOLUTE
    _printf_x                                0x00000000   Number         0  stubs.o ABSOLUTE
    __cpp_initialize__aeabi_                  - Undefined Weak Reference
    __cxa_finalize                            - Undefined Weak Reference
    _clock_init                               - Undefined Weak Reference
    _microlib_exit                            - Undefined Weak Reference
    __Vectors_End                            0x0000026c   Data           0  startup_tm4c123.o(RESET)
    __Vectors_Size                           0x0000026c   Number         0  startup_tm4c123.o ABSOLUTE
    __main                                   0x0000026d   Thumb Code     0  entry.o(.ARM.Collect$$$$00000000)
    _main_stk                                0x0000026d   Thumb Code     0  entry2.o(.ARM.Collect$$$$00000001)
    _main_scatterload                        0x00000271   Thumb Code     0  entry5.o(.ARM.Collect$$$$00000004)
    __main_after_scatterload                 0x00000275   Thumb Code     0  entry5.o(.ARM.Collect$$$$00000004)
    _main_clock                              0x00000275   Thumb Code     0  entry7b.o(.ARM.Collect$$$$00000008)
    _main_cpp_init                           0x00000275   Thumb Code     0  entry8b.o(.ARM.Collect$$$$0000000A)
    _main_init                               0x00000275   Thumb Code     0  entry9a.o(.ARM.Collect$$$$0000000B)
    __rt_final_cpp                           0x0000027d   Thumb Code     0  entry10a.o(.ARM.Collect$$$$0000000D)
    __rt_final_exit                          0x0000027d   Thumb Code     0  entry11a.o(.ARM.Collect$$$$0000000F)
    DisableInterrupts                        0x00000281   Thumb Code     4  main.o(.text)
    EnableInterrupts                         0x00000285   Thumb Code     4  main.o(.text)
    generate_random_number                   0x00000289   Thumb Code    48  main.o(.text)
    get_new_direction                        0x000002b9   Thumb Code    36  main.o(.text)
    get_new_move_count                       0x000002dd   Thumb Code    28  main.o(.text)
    lcd_print_string                         0x000002f9   Thumb Code   248  main.o(.text)
    print_main_menu                          0x000003f1   Thumb Code   300  main.o(.text)
    print_level_up                           0x0000051d   Thumb Code   188  main.o(.text)
    print_game_over                          0x000005d9   Thumb Code   352  main.o(.text)
    print_lives                              0x00000739   Thumb Code    72  main.o(.text)
    defense_L1_boundary_reached              0x00000781   Thumb Code   114  main.o(.text)
    defense_L2_boundary_reached              0x000007f3   Thumb Code   114  main.o(.text)
    defense_L3_boundary_reached              0x00000865   Thumb Code   114  main.o(.text)
    contact_edge                             0x000008d7   Thumb Code   114  main.o(.text)
    move_image                               0x00000949   Thumb Code    72  main.o(.text)
    handle_d1                                0x00000991   Thumb Code   118  main.o(.text)
    handle_d2                                0x00000a07   Thumb Code   118  main.o(.text)
    handle_d3                                0x00000a7d   Thumb Code   196  main.o(.text)
    update_lost_life                         0x00000b41   Thumb Code  2246  main.o(.text)
    update_io_leds                           0x00001407   Thumb Code    66  main.o(.text)
    handle_blinking                          0x00001449   Thumb Code    48  main.o(.text)
    check_game_over                          0x00001479   Thumb Code    42  main.o(.text)
    main                                     0x000014a3   Thumb Code  2676  main.o(.text)
    init_hardware                            0x00001f65   Thumb Code   156  project_hardware_init.o(.text)
    ps2_get_direction                        0x0000201d   Thumb Code    60  project_interrupts.o(.text)
    TIMER0A_Handler                          0x00002059   Thumb Code    20  project_interrupts.o(.text)
    TIMER1A_Handler                          0x0000206d   Thumb Code    20  project_interrupts.o(.text)
    TIMER2A_Handler                          0x00002081   Thumb Code    32  project_interrupts.o(.text)
    TIMER3A_Handler                          0x000020a1   Thumb Code    20  project_interrupts.o(.text)
    TIMER4A_Handler                          0x000020b5   Thumb Code    20  project_interrupts.o(.text)
    TIMER4B_Handler                          0x000020c9   Thumb Code    54  project_interrupts.o(.text)
    ADC0SS2_Handler                          0x000020ff   Thumb Code    52  project_interrupts.o(.text)
    GPIOF_Handler                            0x00002133   Thumb Code    26  project_interrupts.o(.text)
    debounce_fsm                             0x00002195   Thumb Code   100  debounce.o(.text)
    debounce_fsm_lcd                         0x000021f9   Thumb Code   116  debounce.o(.text)
    initialize_adc                           0x0000228f   Thumb Code   112  adc.o(.text)
    get_adc_value                            0x000022ff   Thumb Code    58  adc.o(.text)
    gpio_get_irq_num                         0x00002385   Thumb Code    74  gpio_port.o(.text)
    gpio_enable_port                         0x000023cf   Thumb Code   168  gpio_port.o(.text)
    gpio_config_digital_enable               0x00002477   Thumb Code    34  gpio_port.o(.text)
    gpio_config_enable_output                0x00002499   Thumb Code    34  gpio_port.o(.text)
    gpio_config_enable_input                 0x000024bb   Thumb Code    34  gpio_port.o(.text)
    gpio_config_enable_pullup                0x000024dd   Thumb Code    34  gpio_port.o(.text)
    gpio_config_enable_pulldown              0x000024ff   Thumb Code    34  gpio_port.o(.text)
    gpio_config_analog_enable                0x00002521   Thumb Code    34  gpio_port.o(.text)
    gpio_config_alternate_function           0x00002543   Thumb Code    34  gpio_port.o(.text)
    gpio_config_port_control                 0x00002565   Thumb Code    54  gpio_port.o(.text)
    gpio_config_open_drain                   0x0000259b   Thumb Code    34  gpio_port.o(.text)
    gpio_config_falling_edge_irq             0x000025bd   Thumb Code   132  gpio_port.o(.text)
    initializeI2CMaster                      0x00002669   Thumb Code   160  i2c.o(.text)
    i2cVerifyBaseAddr                        0x00002709   Thumb Code    36  i2c.o(.text)
    i2cSetSlaveAddr                          0x0000272d   Thumb Code    30  i2c.o(.text)
    i2cStop                                  0x0000274b   Thumb Code    26  i2c.o(.text)
    I2CMasterBusy                            0x00002765   Thumb Code    34  i2c.o(.text)
    I2CMasterAdrAck                          0x00002787   Thumb Code    34  i2c.o(.text)
    I2CMasterDatAck                          0x000027a9   Thumb Code    34  i2c.o(.text)
    i2cSendByte                              0x000027cb   Thumb Code    82  i2c.o(.text)
    i2cGetByte                               0x0000281d   Thumb Code    60  i2c.o(.text)
    pc_buffer_init                           0x00002871   Thumb Code    26  pc_buffer.o(.text)
    pc_buffer_add                            0x0000288b   Thumb Code    28  pc_buffer.o(.text)
    pc_buffer_remove                         0x000028a7   Thumb Code    30  pc_buffer.o(.text)
    pc_buffer_empty                          0x000028c5   Thumb Code    18  pc_buffer.o(.text)
    pc_buffer_full                           0x000028d7   Thumb Code    22  pc_buffer.o(.text)
    timer_get_irq_num                        0x0000296f   Thumb Code    74  timers.o(.text)
    timerB_get_irq_num                       0x000029b9   Thumb Code    74  timers.o(.text)
    gp_timer_wait                            0x00002a6d   Thumb Code    64  timers.o(.text)
    gp_timer_config_32                       0x00002aad   Thumb Code   190  timers.o(.text)
    gp_timer_config_16                       0x00002b6b   Thumb Code   202  timers.o(.text)
    gp_timerB_config_16                      0x00002c35   Thumb Code   190  timers.o(.text)
    verify_uart_base                         0x00002d0d   Thumb Code    54  uart.o(.text)
    uart_get_rcgc_mask                       0x00002d43   Thumb Code    68  uart.o(.text)
    uart_get_pr_mask                         0x00002d87   Thumb Code    68  uart.o(.text)
    uart_get_irq_num                         0x00002dcb   Thumb Code    68  uart.o(.text)
    uart_tx_poll                             0x00002e0f   Thumb Code    38  uart.o(.text)
    uart_tx_poll_string                      0x00002e35   Thumb Code    50  uart.o(.text)
    uart_rx_poll                             0x00002e67   Thumb Code    70  uart.o(.text)
    uart_init                                0x00002ead   Thumb Code   218  uart.o(.text)
    eeprom_byte_write                        0x00002fdd   Thumb Code   106  eeprom.o(.text)
    eeprom_byte_read                         0x00003047   Thumb Code   118  eeprom.o(.text)
    eeprom_init                              0x000030bd   Thumb Code   156  eeprom.o(.text)
    ft6x06_read_td_status                    0x000031c5   Thumb Code    44  ft6x06.o(.text)
    ft6x06_read_x                            0x000031f1   Thumb Code    58  ft6x06.o(.text)
    ft6x06_read_y                            0x0000322b   Thumb Code    60  ft6x06.o(.text)
    ft6x06_init                              0x00003267   Thumb Code   156  ft6x06.o(.text)
    lp_io_set_pin                            0x00003309   Thumb Code    22  launchpad_io.o(.text)
    lp_io_clear_pin                          0x0000331f   Thumb Code    28  launchpad_io.o(.text)
    lp_io_read_pin                           0x0000333b   Thumb Code    24  launchpad_io.o(.text)
    lp_io_init                               0x00003353   Thumb Code   118  launchpad_io.o(.text)
    lcd_set_pos                              0x0000343f   Thumb Code    58  lcd.o(.text)
    lcd_clear_screen                         0x00003479   Thumb Code    52  lcd.o(.text)
    lcd_draw_image                           0x000034ad   Thumb Code   242  lcd.o(.text)
    lcd_config_gpio                          0x0000359f   Thumb Code   152  lcd.o(.text)
    lcd_config_screen                        0x00003637   Thumb Code   568  lcd.o(.text)
    init_serial_debug                        0x00003875   Thumb Code    90  serial_debug.o(.text)
    serial_debug_rx                          0x000038cf   Thumb Code    46  serial_debug.o(.text)
    serial_debug_tx                          0x000038fd   Thumb Code    84  serial_debug.o(.text)
    fputc                                    0x00003951   Thumb Code    66  serial_debug.o(.text)
    fgetc                                    0x00003993   Thumb Code    50  serial_debug.o(.text)
    fgetc_nb                                 0x000039c5   Thumb Code    40  serial_debug.o(.text)
    UART0_Handler                            0x000039ed   Thumb Code    80  serial_debug.o(.text)
    ps2_initialize_adc                       0x00003b41   Thumb Code    88  ps2.o(.text)
    ps2_initialize                           0x00003b99   Thumb Code    12  ps2.o(.text)
    ps2_get_x                                0x00003ba5   Thumb Code    18  ps2.o(.text)
    ps2_get_y                                0x00003bb7   Thumb Code    18  ps2.o(.text)
    get_button_data                          0x00003c2d   Thumb Code    86  io_expander.o(.text)
    write_leds                               0x00003cc9   Thumb Code    26  io_expander.o(.text)
    configure_buttons                        0x00003ce3   Thumb Code    40  io_expander.o(.text)
    get_button_data_if                       0x00003d0b   Thumb Code    86  io_expander.o(.text)
    io_expander_init                         0x00003d61   Thumb Code   156  io_expander.o(.text)
    Reset_Handler                            0x00003e05   Thumb Code     8  startup_tm4c123.o(.text)
    NMI_Handler                              0x00003e0d   Thumb Code     2  startup_tm4c123.o(.text)
    HardFault_Handler                        0x00003e0f   Thumb Code     2  startup_tm4c123.o(.text)
    MemManage_Handler                        0x00003e11   Thumb Code     2  startup_tm4c123.o(.text)
    BusFault_Handler                         0x00003e13   Thumb Code     2  startup_tm4c123.o(.text)
    UsageFault_Handler                       0x00003e15   Thumb Code     2  startup_tm4c123.o(.text)
    SVC_Handler                              0x00003e17   Thumb Code     2  startup_tm4c123.o(.text)
    DebugMon_Handler                         0x00003e19   Thumb Code     2  startup_tm4c123.o(.text)
    PendSV_Handler                           0x00003e1b   Thumb Code     2  startup_tm4c123.o(.text)
    SysTick_Handler                          0x00003e1d   Thumb Code     2  startup_tm4c123.o(.text)
    GPIOA_Handler                            0x00003e1f   Thumb Code     2  startup_tm4c123.o(.text)
    GPIOB_Handler                            0x00003e21   Thumb Code     2  startup_tm4c123.o(.text)
    GPIOC_Handler                            0x00003e23   Thumb Code     2  startup_tm4c123.o(.text)
    GPIOD_Handler                            0x00003e25   Thumb Code     2  startup_tm4c123.o(.text)
    GPIOE_Handler                            0x00003e27   Thumb Code     2  startup_tm4c123.o(.text)
    UART1_Handler                            0x00003e2b   Thumb Code     2  startup_tm4c123.o(.text)
    SSI0_Handler                             0x00003e2d   Thumb Code     2  startup_tm4c123.o(.text)
    I2C0_Handler                             0x00003e2f   Thumb Code     2  startup_tm4c123.o(.text)
    PMW0_FAULT_Handler                       0x00003e31   Thumb Code     2  startup_tm4c123.o(.text)
    PWM0_0_Handler                           0x00003e33   Thumb Code     2  startup_tm4c123.o(.text)
    PWM0_1_Handler                           0x00003e35   Thumb Code     2  startup_tm4c123.o(.text)
    PWM0_2_Handler                           0x00003e37   Thumb Code     2  startup_tm4c123.o(.text)
    QEI0_Handler                             0x00003e39   Thumb Code     2  startup_tm4c123.o(.text)
    ADC0SS0_Handler                          0x00003e3b   Thumb Code     2  startup_tm4c123.o(.text)
    ADC0SS1_Handler                          0x00003e3d   Thumb Code     2  startup_tm4c123.o(.text)
    ADC0SS3_Handler                          0x00003e41   Thumb Code     2  startup_tm4c123.o(.text)
    WDT0_Handler                             0x00003e43   Thumb Code     2  startup_tm4c123.o(.text)
    TIMER0B_Handler                          0x00003e47   Thumb Code     2  startup_tm4c123.o(.text)
    TIMER1B_Handler                          0x00003e4b   Thumb Code     2  startup_tm4c123.o(.text)
    TIMER2B_Handler                          0x00003e4f   Thumb Code     2  startup_tm4c123.o(.text)
    COMP0_Handler                            0x00003e51   Thumb Code     2  startup_tm4c123.o(.text)
    COMP1_Handler                            0x00003e53   Thumb Code     2  startup_tm4c123.o(.text)
    COMP2_Handler                            0x00003e55   Thumb Code     2  startup_tm4c123.o(.text)
    SYSCTL_Handler                           0x00003e57   Thumb Code     2  startup_tm4c123.o(.text)
    FLASH_Handler                            0x00003e59   Thumb Code     2  startup_tm4c123.o(.text)
    GPIOG_Handler                            0x00003e5d   Thumb Code     2  startup_tm4c123.o(.text)
    GPIOH_Handler                            0x00003e5f   Thumb Code     2  startup_tm4c123.o(.text)
    UART2_Handler                            0x00003e61   Thumb Code     2  startup_tm4c123.o(.text)
    SSI1_Handler                             0x00003e63   Thumb Code     2  startup_tm4c123.o(.text)
    TIMER3B_Handler                          0x00003e67   Thumb Code     2  startup_tm4c123.o(.text)
    I2C1_Handler                             0x00003e69   Thumb Code     2  startup_tm4c123.o(.text)
    QEI1_Handler                             0x00003e6b   Thumb Code     2  startup_tm4c123.o(.text)
    CAN0_Handler                             0x00003e6d   Thumb Code     2  startup_tm4c123.o(.text)
    CAN1_Handler                             0x00003e6f   Thumb Code     2  startup_tm4c123.o(.text)
    CAN2_Handler                             0x00003e71   Thumb Code     2  startup_tm4c123.o(.text)
    HIB_Handler                              0x00003e73   Thumb Code     2  startup_tm4c123.o(.text)
    USB0_Handler                             0x00003e75   Thumb Code     2  startup_tm4c123.o(.text)
    PWM0_3_Handler                           0x00003e77   Thumb Code     2  startup_tm4c123.o(.text)
    UDMA_Handler                             0x00003e79   Thumb Code     2  startup_tm4c123.o(.text)
    UDMAERR_Handler                          0x00003e7b   Thumb Code     2  startup_tm4c123.o(.text)
    ADC1SS0_Handler                          0x00003e7d   Thumb Code     2  startup_tm4c123.o(.text)
    ADC1SS1_Handler                          0x00003e7f   Thumb Code     2  startup_tm4c123.o(.text)
    ADC1SS2_Handler                          0x00003e81   Thumb Code     2  startup_tm4c123.o(.text)
    ADC1SS3_Handler                          0x00003e83   Thumb Code     2  startup_tm4c123.o(.text)
    GPIOJ_Handler                            0x00003e85   Thumb Code     2  startup_tm4c123.o(.text)
    GPIOK_Handler                            0x00003e87   Thumb Code     2  startup_tm4c123.o(.text)
    GPIOL_Handler                            0x00003e89   Thumb Code     2  startup_tm4c123.o(.text)
    SSI2_Handler                             0x00003e8b   Thumb Code     2  startup_tm4c123.o(.text)
    SSI3_Handler                             0x00003e8d   Thumb Code     2  startup_tm4c123.o(.text)
    UART3_Handler                            0x00003e8f   Thumb Code     2  startup_tm4c123.o(.text)
    UART4_Handler                            0x00003e91   Thumb Code     2  startup_tm4c123.o(.text)
    UART5_Handler                            0x00003e93   Thumb Code     2  startup_tm4c123.o(.text)
    UART6_Handler                            0x00003e95   Thumb Code     2  startup_tm4c123.o(.text)
    UART7_Handler                            0x00003e97   Thumb Code     2  startup_tm4c123.o(.text)
    I2C2_Handler                             0x00003e99   Thumb Code     2  startup_tm4c123.o(.text)
    I2C3_Handler                             0x00003e9b   Thumb Code     2  startup_tm4c123.o(.text)
    TIMER5A_Handler                          0x00003ea1   Thumb Code     2  startup_tm4c123.o(.text)
    TIMER5B_Handler                          0x00003ea3   Thumb Code     2  startup_tm4c123.o(.text)
    WTIMER0A_Handler                         0x00003ea5   Thumb Code     2  startup_tm4c123.o(.text)
    WTIMER0B_Handler                         0x00003ea7   Thumb Code     2  startup_tm4c123.o(.text)
    WTIMER1A_Handler                         0x00003ea9   Thumb Code     2  startup_tm4c123.o(.text)
    WTIMER1B_Handler                         0x00003eab   Thumb Code     2  startup_tm4c123.o(.text)
    WTIMER2A_Handler                         0x00003ead   Thumb Code     2  startup_tm4c123.o(.text)
    WTIMER2B_Handler                         0x00003eaf   Thumb Code     2  startup_tm4c123.o(.text)
    WTIMER3A_Handler                         0x00003eb1   Thumb Code     2  startup_tm4c123.o(.text)
    WTIMER3B_Handler                         0x00003eb3   Thumb Code     2  startup_tm4c123.o(.text)
    WTIMER4A_Handler                         0x00003eb5   Thumb Code     2  startup_tm4c123.o(.text)
    WTIMER4B_Handler                         0x00003eb7   Thumb Code     2  startup_tm4c123.o(.text)
    WTIMER5A_Handler                         0x00003eb9   Thumb Code     2  startup_tm4c123.o(.text)
    WTIMER5B_Handler                         0x00003ebb   Thumb Code     2  startup_tm4c123.o(.text)
    FPU_Handler                              0x00003ebd   Thumb Code     2  startup_tm4c123.o(.text)
    I2C4_Handler                             0x00003ebf   Thumb Code     2  startup_tm4c123.o(.text)
    I2C5_Handler                             0x00003ec1   Thumb Code     2  startup_tm4c123.o(.text)
    GPIOM_Handler                            0x00003ec3   Thumb Code     2  startup_tm4c123.o(.text)
    GPION_Handler                            0x00003ec5   Thumb Code     2  startup_tm4c123.o(.text)
    QEI2_Handler                             0x00003ec7   Thumb Code     2  startup_tm4c123.o(.text)
    GPIOP0_Handler                           0x00003ec9   Thumb Code     2  startup_tm4c123.o(.text)
    GPIOP1_Handler                           0x00003ecb   Thumb Code     2  startup_tm4c123.o(.text)
    GPIOP2_Handler                           0x00003ecd   Thumb Code     2  startup_tm4c123.o(.text)
    GPIOP3_Handler                           0x00003ecf   Thumb Code     2  startup_tm4c123.o(.text)
    GPIOP4_Handler                           0x00003ed1   Thumb Code     2  startup_tm4c123.o(.text)
    GPIOP5_Handler                           0x00003ed3   Thumb Code     2  startup_tm4c123.o(.text)
    GPIOP6_Handler                           0x00003ed5   Thumb Code     2  startup_tm4c123.o(.text)
    GPIOP7_Handler                           0x00003ed7   Thumb Code     2  startup_tm4c123.o(.text)
    GPIOQ0_Handler                           0x00003ed9   Thumb Code     2  startup_tm4c123.o(.text)
    GPIOQ1_Handler                           0x00003edb   Thumb Code     2  startup_tm4c123.o(.text)
    GPIOQ2_Handler                           0x00003edd   Thumb Code     2  startup_tm4c123.o(.text)
    GPIOQ3_Handler                           0x00003edf   Thumb Code     2  startup_tm4c123.o(.text)
    GPIOQ4_Handler                           0x00003ee1   Thumb Code     2  startup_tm4c123.o(.text)
    GPIOQ5_Handler                           0x00003ee3   Thumb Code     2  startup_tm4c123.o(.text)
    GPIOQ6_Handler                           0x00003ee5   Thumb Code     2  startup_tm4c123.o(.text)
    GPIOQ7_Handler                           0x00003ee7   Thumb Code     2  startup_tm4c123.o(.text)
    GPIOR_Handler                            0x00003ee9   Thumb Code     2  startup_tm4c123.o(.text)
    GPIOS_Handler                            0x00003eeb   Thumb Code     2  startup_tm4c123.o(.text)
    PMW1_0_Handler                           0x00003eed   Thumb Code     2  startup_tm4c123.o(.text)
    PWM1_1_Handler                           0x00003eef   Thumb Code     2  startup_tm4c123.o(.text)
    PWM1_2_Handler                           0x00003ef1   Thumb Code     2  startup_tm4c123.o(.text)
    PWM1_3_Handler                           0x00003ef3   Thumb Code     2  startup_tm4c123.o(.text)
    PWM1_FAULT_Handler                       0x00003ef5   Thumb Code     2  startup_tm4c123.o(.text)
    SystemCoreClockUpdate                    0x00003fb7   Thumb Code   184  system_tm4c123.o(.text)
    SystemInit                               0x0000406f   Thumb Code   112  system_tm4c123.o(.text)
    strlen                                   0x00004151   Thumb Code    14  strlen.o(.text)
    atoi                                     0x0000415f   Thumb Code    26  atoi.o(.text)
    __aeabi_uidiv                            0x00004179   Thumb Code     0  uidiv.o(.text)
    __aeabi_uidivmod                         0x00004179   Thumb Code    44  uidiv.o(.text)
    strtol                                   0x000041a5   Thumb Code   112  strtol.o(.text)
    __scatterload                            0x00004215   Thumb Code    28  init.o(.text)
    __scatterload_rt2                        0x00004215   Thumb Code     0  init.o(.text)
    __rt_ctype_table                         0x00004239   Thumb Code     4  ctype_o.o(.text)
    _strtoul                                 0x00004241   Thumb Code   158  _strtoul.o(.text)
    _chval                                   0x000042df   Thumb Code    28  _chval.o(.text)
    __decompress                             0x000042fb   Thumb Code     0  __dczerorl2.o(.text)
    __decompress1                            0x000042fb   Thumb Code    86  __dczerorl2.o(.text)
    __0printf$1                              0x00004351   Thumb Code    22  printf1.o(i.__0printf$1)
    __1printf$1                              0x00004351   Thumb Code     0  printf1.o(i.__0printf$1)
    __2printf                                0x00004351   Thumb Code     0  printf1.o(i.__0printf$1)
    __0sprintf$1                             0x00004371   Thumb Code    34  printf1.o(i.__0sprintf$1)
    __1sprintf$1                             0x00004371   Thumb Code     0  printf1.o(i.__0sprintf$1)
    __2sprintf                               0x00004371   Thumb Code     0  printf1.o(i.__0sprintf$1)
    __aeabi_errno_addr                       0x00004399   Thumb Code     4  errno.o(i.__aeabi_errno_addr)
    __rt_errno_addr                          0x00004399   Thumb Code     0  errno.o(i.__aeabi_errno_addr)
    __scatterload_copy                       0x000043a1   Thumb Code    14  handlers.o(i.__scatterload_copy)
    __scatterload_null                       0x000043af   Thumb Code     2  handlers.o(i.__scatterload_null)
    __scatterload_zeroinit                   0x000043b1   Thumb Code    14  handlers.o(i.__scatterload_zeroinit)
    lcd_write_data_u16                       0x00004521   Thumb Code    46  lcd.o(i.lcd_write_data_u16)
    malloc                                   0x0000455d   Thumb Code    92  malloc.o(i.malloc)
    offensive_PlayerBitmaps                  0x000045da   Data         115  project_images.o(.constdata)
    offensive_PlayerWidthPixels              0x0000464d   Data           1  project_images.o(.constdata)
    offensive_PlayerHeightPixels             0x0000464e   Data           1  project_images.o(.constdata)
    defense_playerBitMap                     0x0000464f   Data         125  project_images.o(.constdata)
    defense_playerWidthPixels                0x000046cc   Data           1  project_images.o(.constdata)
    defense_playerHeightPixels               0x000046cd   Data           1  project_images.o(.constdata)
    footballBitmaps                          0x000046ce   Data         154  project_images.o(.constdata)
    footballWidthPages                       0x00004768   Data           1  project_images.o(.constdata)
    footballHeightPixels                     0x00004769   Data           1  project_images.o(.constdata)
    boundary_Play_GameBitmaps                0x0000476a   Data         690  project_images.o(.constdata)
    boundary_Play_GameWidthPixels            0x00004a1c   Data           1  project_images.o(.constdata)
    boundary_Play_GameHeightPixels           0x00004a1d   Data           1  project_images.o(.constdata)
    boundary_Reset_High_Score                0x00004a1e   Data         575  project_images.o(.constdata)
    boundary_Reset_High_Score_Width          0x00004c5d   Data           1  project_images.o(.constdata)
    boundary_Reset_High_Score_Height         0x00004c5e   Data           1  project_images.o(.constdata)
    microsoftSansSerif_16ptBitmaps           0x00004c5f   Data        1248  fonts.o(.constdata)
    microsoftSansSerif_10ptBitmaps           0x0000513f   Data         520  fonts.o(.constdata)
    microsoftSansSerif_10ptNumBitmaps        0x00005347   Data         100  fonts.o(.constdata)
    __ctype_table                            0x000053ab   Data         129  ctype_o.o(.constdata)
    Region$$Table$$Base                      0x00005430   Number         0  anon$$obj.o(Region$$Table)
    Region$$Table$$Limit                     0x00005450   Number         0  anon$$obj.o(Region$$Table)
    high_score                               0x20000000   Data           1  main.o(.data)
    current_score                            0x20000001   Data           1  main.o(.data)
    win_msg                                  0x20000002   Data           9  main.o(.data)
    welcome_msg1                             0x2000000b   Data          11  main.o(.data)
    welcome_msg2                             0x20000016   Data          15  main.o(.data)
    credit_msg1                              0x20000025   Data          13  main.o(.data)
    credit_msg2                              0x20000032   Data          10  main.o(.data)
    play_msg                                 0x2000003c   Data          10  main.o(.data)
    high_score_msg                           0x20000046   Data          14  main.o(.data)
    game_over_msg                            0x20000054   Data          10  main.o(.data)
    thank_you_msg1                           0x2000005e   Data          10  main.o(.data)
    thank_you_msg2                           0x20000068   Data          12  main.o(.data)
    your_score_msg                           0x20000074   Data          15  main.o(.data)
    play_again_msg                           0x20000083   Data          11  main.o(.data)
    level_up_msg                             0x2000008e   Data          11  main.o(.data)
    start_new_level_msg                      0x20000099   Data          10  main.o(.data)
    congrats_msg                             0x200000a3   Data          15  main.o(.data)
    lives_msg                                0x200000b2   Data           6  main.o(.data)
    reset_high_score                         0x200000b8   Data          17  main.o(.data)
    SPACE_BAR_HIT                            0x200000c9   Data           1  main.o(.data)
    PAUSED                                   0x200000ca   Data           1  main.o(.data)
    ALERT_BLINK                              0x200000cb   Data           1  main.o(.data)
    LEDs                                     0x200000cc   Data           3  main.o(.data)
    OFFENSE_X_COORD                          0x200000d0   Data           2  main.o(.data)
    OFFENSE_Y_COORD                          0x200000d2   Data           2  main.o(.data)
    ALERT_OFFENSE                            0x200000d4   Data           1  main.o(.data)
    DEFENSE_1X_COORD                         0x200000d6   Data           2  main.o(.data)
    DEFENSE_1Y_COORD                         0x200000d8   Data           2  main.o(.data)
    ALERT_DEFENSE1                           0x200000da   Data           1  main.o(.data)
    ALERT_D1_INT                             0x200000dc   Data           4  main.o(.data)
    DEFENSE_2X_COORD                         0x200000e0   Data           2  main.o(.data)
    DEFENSE_2Y_COORD                         0x200000e2   Data           2  main.o(.data)
    ALERT_DEFENSE2                           0x200000e4   Data           1  main.o(.data)
    DEFENSE_3X_COORD                         0x200000e6   Data           2  main.o(.data)
    DEFENSE_3Y_COORD                         0x200000e8   Data           2  main.o(.data)
    ALERT_DEFENSE3                           0x200000ea   Data           1  main.o(.data)
    ALERT_PUSH                               0x200000eb   Data           1  main.o(.data)
    PS2_X_DATA                               0x200000ec   Data           2  main.o(.data)
    PS2_Y_DATA                               0x200000ee   Data           2  main.o(.data)
    PS2_DIR                                  0x200000f0   Data           1  main.o(.data)
    SystemCoreClock                          0x20000118   Data           4  system_tm4c123.o(.data)
    __stdout                                 0x2000011c   Data           4  stdout.o(.data)
    __microlib_freelist                      0x20000120   Data           4  mvars.o(.data)
    __microlib_freelist_initialised          0x20000124   Data           4  mvars.o(.data)
    UART0_Tx_Buffer                          0x2000012c   Data          14  serial_debug.o(.bss)
    UART0_Rx_Buffer                          0x2000013a   Data          14  serial_debug.o(.bss)
    __heap_base                              0x20000148   Data           0  startup_tm4c123.o(HEAP)
    __heap_limit                             0x20000148   Data           0  startup_tm4c123.o(HEAP)
    __initial_sp                             0x20001148   Data           0  startup_tm4c123.o(STACK)



==============================================================================

Memory Map of the image

  Image Entry point : 0x00003e05

  Load Region LR_1 (Base: 0x00000000, Size: 0x0000557c, Max: 0xffffffff, ABSOLUTE, COMPRESSED[0x00005524])

    Execution Region ER_RO (Exec base: 0x00000000, Load base: 0x00000000, Size: 0x00005450, Max: 0xffffffff, ABSOLUTE)

    Exec Addr    Load Addr    Size         Type   Attr      Idx    E Section Name        Object

    0x00000000   0x00000000   0x0000026c   Data   RO          701    RESET               startup_tm4c123.o
    0x0000026c   0x0000026c   0x00000000   Code   RO          736  * .ARM.Collect$$$$00000000  mc_w.l(entry.o)
    0x0000026c   0x0000026c   0x00000004   Code   RO         1033    .ARM.Collect$$$$00000001  mc_w.l(entry2.o)
    0x00000270   0x00000270   0x00000004   Code   RO         1036    .ARM.Collect$$$$00000004  mc_w.l(entry5.o)
    0x00000274   0x00000274   0x00000000   Code   RO         1038    .ARM.Collect$$$$00000008  mc_w.l(entry7b.o)
    0x00000274   0x00000274   0x00000000   Code   RO         1040    .ARM.Collect$$$$0000000A  mc_w.l(entry8b.o)
    0x00000274   0x00000274   0x00000008   Code   RO         1041    .ARM.Collect$$$$0000000B  mc_w.l(entry9a.o)
    0x0000027c   0x0000027c   0x00000000   Code   RO         1043    .ARM.Collect$$$$0000000D  mc_w.l(entry10a.o)
    0x0000027c   0x0000027c   0x00000000   Code   RO         1045    .ARM.Collect$$$$0000000F  mc_w.l(entry11a.o)
    0x0000027c   0x0000027c   0x00000004   Code   RO         1034    .ARM.Collect$$$$00002712  mc_w.l(entry2.o)
    0x00000280   0x00000280   0x00001ce4   Code   RO            4    .text               main.o
    0x00001f64   0x00001f64   0x000000b8   Code   RO          150    .text               project_hardware_init.o
    0x0000201c   0x0000201c   0x00000178   Code   RO          178    .text               project_interrupts.o
    0x00002194   0x00002194   0x000000e0   Code   RO          227    .text               debounce.o
    0x00002274   0x00002274   0x000000d0   Code   RO          252    .text               adc.o
    0x00002344   0x00002344   0x00000324   Code   RO          280    .text               gpio_port.o
    0x00002668   0x00002668   0x00000208   Code   RO          308    .text               i2c.o
    0x00002870   0x00002870   0x0000007c   Code   RO          329    .text               pc_buffer.o
    0x000028ec   0x000028ec   0x00000420   Code   RO          374    .text               timers.o
    0x00002d0c   0x00002d0c   0x0000028c   Code   RO          402    .text               uart.o
    0x00002f98   0x00002f98   0x000001c4   Code   RO          456    .text               eeprom.o
    0x0000315c   0x0000315c   0x000001ac   Code   RO          480    .text               ft6x06.o
    0x00003308   0x00003308   0x000000d8   Code   RO          504    .text               launchpad_io.o
    0x000033e0   0x000033e0   0x00000494   Code   RO          528    .text               lcd.o
    0x00003874   0x00003874   0x00000234   Code   RO          558    .text               serial_debug.o
    0x00003aa8   0x00003aa8   0x00000138   Code   RO          618    .text               ps2.o
    0x00003be0   0x00003be0   0x00000224   Code   RO          671    .text               io_expander.o
    0x00003e04   0x00003e04   0x000000fc   Code   RO          702  * .text               startup_tm4c123.o
    0x00003f00   0x00003f00   0x00000250   Code   RO          709    .text               system_tm4c123.o
    0x00004150   0x00004150   0x0000000e   Code   RO          740    .text               mc_w.l(strlen.o)
    0x0000415e   0x0000415e   0x0000001a   Code   RO         1031    .text               mc_w.l(atoi.o)
    0x00004178   0x00004178   0x0000002c   Code   RO         1047    .text               mc_w.l(uidiv.o)
    0x000041a4   0x000041a4   0x00000070   Code   RO         1064    .text               mc_w.l(strtol.o)
    0x00004214   0x00004214   0x00000024   Code   RO         1077    .text               mc_w.l(init.o)
    0x00004238   0x00004238   0x00000008   Code   RO         1085    .text               mc_w.l(ctype_o.o)
    0x00004240   0x00004240   0x0000009e   Code   RO         1113    .text               mc_w.l(_strtoul.o)
    0x000042de   0x000042de   0x0000001c   Code   RO         1117    .text               mc_w.l(_chval.o)
    0x000042fa   0x000042fa   0x00000056   Code   RO         1127    .text               mc_w.l(__dczerorl2.o)
    0x00004350   0x00004350   0x00000020   Code   RO          787    i.__0printf$1       mc_w.l(printf1.o)
    0x00004370   0x00004370   0x00000028   Code   RO          789    i.__0sprintf$1      mc_w.l(printf1.o)
    0x00004398   0x00004398   0x00000008   Code   RO         1057    i.__aeabi_errno_addr  mc_w.l(errno.o)
    0x000043a0   0x000043a0   0x0000000e   Code   RO         1121    i.__scatterload_copy  mc_w.l(handlers.o)
    0x000043ae   0x000043ae   0x00000002   Code   RO         1122    i.__scatterload_null  mc_w.l(handlers.o)
    0x000043b0   0x000043b0   0x0000000e   Code   RO         1123    i.__scatterload_zeroinit  mc_w.l(handlers.o)
    0x000043be   0x000043be   0x00000002   PAD
    0x000043c0   0x000043c0   0x00000154   Code   RO          794    i._printf_core      mc_w.l(printf1.o)
    0x00004514   0x00004514   0x0000000a   Code   RO          796    i._sputc            mc_w.l(printf1.o)
    0x0000451e   0x0000451e   0x00000002   PAD
    0x00004520   0x00004520   0x0000003c   Code   RO          546    i.lcd_write_data_u16  lcd.o
    0x0000455c   0x0000455c   0x0000006c   Code   RO         1004    i.malloc            mc_w.l(malloc.o)
    0x000045c8   0x000045c8   0x00000012   Data   RO            5    .constdata          main.o
    0x000045da   0x000045da   0x00000685   Data   RO          200    .constdata          project_images.o
    0x00004c5f   0x00004c5f   0x0000074c   Data   RO          212    .constdata          fonts.o
    0x000053ab   0x000053ab   0x00000081   Data   RO         1086    .constdata          mc_w.l(ctype_o.o)
    0x0000542c   0x0000542c   0x00000004   Data   RO         1087    .constdata          mc_w.l(ctype_o.o)
    0x00005430   0x00005430   0x00000020   Data   RO         1119    Region$$Table       anon$$obj.o


    Execution Region ER_RW (Exec base: 0x20000000, Load base: 0x00005450, Size: 0x0000012c, Max: 0xffffffff, ABSOLUTE, COMPRESSED[0x000000d4])

    Exec Addr    Load Addr    Size         Type   Attr      Idx    E Section Name        Object

    0x20000000   COMPRESSED   0x0000010d   Data   RW            6    .data               main.o
    0x2000010d   COMPRESSED   0x00000003   PAD
    0x20000110   COMPRESSED   0x00000004   Data   RW          179    .data               project_interrupts.o
    0x20000114   COMPRESSED   0x00000001   Data   RW          228    .data               debounce.o
    0x20000115   COMPRESSED   0x00000002   Data   RW          560    .data               serial_debug.o
    0x20000117   COMPRESSED   0x00000001   PAD
    0x20000118   COMPRESSED   0x00000004   Data   RW          710    .data               system_tm4c123.o
    0x2000011c   COMPRESSED   0x00000004   Data   RW          739    .data               mc_w.l(stdout.o)
    0x20000120   COMPRESSED   0x00000004   Data   RW         1055    .data               mc_w.l(mvars.o)
    0x20000124   COMPRESSED   0x00000004   Data   RW         1056    .data               mc_w.l(mvars.o)
    0x20000128   COMPRESSED   0x00000004   Data   RW         1060    .data               mc_w.l(errno.o)


    Execution Region ER_ZI (Exec base: 0x2000012c, Load base: 0x00005524, Size: 0x0000101c, Max: 0xffffffff, ABSOLUTE)

    Exec Addr    Load Addr    Size         Type   Attr      Idx    E Section Name        Object

    0x2000012c        -       0x0000001c   Zero   RW          559    .bss                serial_debug.o
    0x20000148        -       0x00000000   Zero   RW          700    HEAP                startup_tm4c123.o
    0x20000148        -       0x00001000   Zero   RW          699    STACK               startup_tm4c123.o


==============================================================================

Image component sizes


      Code (inc. data)   RO Data    RW Data    ZI Data      Debug   Object Name

       208         12          0          0          0       1815   adc.o
       224          8          0          1          0       1400   debounce.o
       452          4          0          0          0       2173   eeprom.o
         0          0       1868          0          0        726   fonts.o
       428          6          0          0          0       2284   ft6x06.o
       804         40          0          0          0      35673   gpio_port.o
       520         24          0          0          0       3721   i2c.o
       548          8          0          0          0       2575   io_expander.o
       216         24          0          0          0       2066   launchpad_io.o
      1232         38          0          0          0       3825   lcd.o
      7396        562         18        269          0      42209   main.o
       124          0          0          0          0       1979   pc_buffer.o
       184         28          0          0          0       2676   project_hardware_init.o
         0          0       1669          0          0       1571   project_images.o
       376         72          0          4          0       1770   project_interrupts.o
       312         24          0          0          0       1556   ps2.o
       564         26          0          2         28       6066   serial_debug.o
       252         10        620          0       4096       5464   startup_tm4c123.o
       592        138          0          4          0       1601   system_tm4c123.o
      1056         26          0          0          0       4611   timers.o
       652         50          0          0          0       3532   uart.o

    ----------------------------------------------------------------------
     16140       1100       4207        284       4124     129293   Object Totals
         0          0         32          0          0          0   (incl. Generated)
         0          0          0          4          0          0   (incl. Padding)

    ----------------------------------------------------------------------

      Code (inc. data)   RO Data    RW Data    ZI Data      Debug   Library Member Name

        86          0          0          0          0          0   __dczerorl2.o
        28          0          0          0          0         68   _chval.o
       158          0          0          0          0         92   _strtoul.o
        26          0          0          0          0         80   atoi.o
         8          4        133          0          0         68   ctype_o.o
         0          0          0          0          0          0   entry.o
         0          0          0          0          0          0   entry10a.o
         0          0          0          0          0          0   entry11a.o
         8          4          0          0          0          0   entry2.o
         4          0          0          0          0          0   entry5.o
         0          0          0          0          0          0   entry7b.o
         0          0          0          0          0          0   entry8b.o
         8          4          0          0          0          0   entry9a.o
         8          4          0          4          0         68   errno.o
        30          0          0          0          0          0   handlers.o
        36          8          0          0          0         68   init.o
       108         16          0          0          0         84   malloc.o
         0          0          0          8          0          0   mvars.o
       422         20          0          0          0        336   printf1.o
         0          0          0          4          0          0   stdout.o
        14          0          0          0          0         68   strlen.o
       112          0          0          0          0         88   strtol.o
        44          0          0          0          0         80   uidiv.o

    ----------------------------------------------------------------------
      1104         60        133         16          0       1100   Library Totals
         4          0          0          0          0          0   (incl. Padding)

    ----------------------------------------------------------------------

      Code (inc. data)   RO Data    RW Data    ZI Data      Debug   Library Name

      1100         60        133         16          0       1100   mc_w.l

    ----------------------------------------------------------------------
      1104         60        133         16          0       1100   Library Totals

    ----------------------------------------------------------------------

==============================================================================


      Code (inc. data)   RO Data    RW Data    ZI Data      Debug   

     17244       1160       4340        300       4124     127309   Grand Totals
     17244       1160       4340        212       4124     127309   ELF Image Totals (compressed)
     17244       1160       4340        212          0          0   ROM Totals

==============================================================================

    Total RO  Size (Code + RO Data)                21584 (  21.08kB)
    Total RW  Size (RW Data + ZI Data)              4424 (   4.32kB)
    Total ROM Size (Code + RO Data + RW Data)      21796 (  21.29kB)

==============================================================================

